// Jest Snapshot v1, https://goo.gl/fbAQLP

exports[`(Snapshot) InputDialog should render correctly 1`] = `
<DocumentFragment>
  <button>
    Open
  </button>
</DocumentFragment>
`;
